Aaron              Aarseth
Aasin              Abazagal           Abazagalremort     Abernathy
Absinthe           Achmed             Admin              Adromyr
Adromyrremort      Aecyr              Aegis              Aelise
Aelyn              Aha                Aker               Akiel
Akmaro             Akmaro.plr         Aku                Akurei
Aldair             Aldaris            Aldo               Alegria
Alevar             Alexander          Alexanderremort    Alicia
Allen              Alleron            Alona              Alric
Alucard            Aluraz             Alwer              Amaris
Ambrya             Amian              Amianremort        Amirah
Amrahl             Amraphael          Anarchy            Andreas
Angeleyes          Angelus            Anime              Annabella
Antigone           Anubix             Apophis            Applie
Aramon             Arbane             Arbaneremort       Archon
Ardyh              Ardyhremort        Arel               Areth
Argeth             Arinos             Arion              Arliman
Arlos              Arly               Armand             Arngrim
Arond              Aroshi             Aroura             Artemis
Artemisremort      Arthen             Artimis            Aryla
Arylaremort        Ashley             Ashuram            Asmodeus
Astraea            Asuraremort        Asyn               Atalon
Atar               Atlas              Atrolo             Auburn
Azartrus           Azher              Azheri             Azorath
Azure              Bacon              Bahzell            Bahzellremort
Baldo              Bali               Balinor            Baliremort
Balor              Balrog             Banthur            Bashar
Baulder            Behlail            Beiner             Belgarion
Belran             Belranremort       Benana             Benny
Bennyremort        Bernard            Bernardremort      Bessel
Besselremort       Bigdaddy           Bigjoe             Bink
Binkielinkie       Blackrose          Blake              Blakeremort
Blane              Blaster            Blaze              Blazeremort
Blex               Bloodd             Bluto              Bob
Boeroc             Bolt               Bowen              Brojak
Broken             Brutus             Bryan              Bryson
Buffy              Bwsusa             Bwsusaremort       Caine
Cajun              Canis              Canter             Carad
Carlos             Casan              Cephalis           Cerberous
Cerberus           Cerrados           Cetvor             Chad
Charcoal           Charon             Chimpy             Chogyn
Chromo             Chrono             Chronus            Cirolian
Cirolianremort     Clador             Cladorremort       Clerix
Cley               Clipto             Coder              Coldheart
Cole               Confuso            Confusoremort      Convoy
Corey              Cornelius          Coxabuse           Cyragon
Cyrius             Cyrix              Cyx                Cyxremort
Daermonith         Daimion            Dalgar             Dallow
Damitrious         Dampyiel           Dannik             Dante
Darkensi           Darkseer           Darksmule          Darkus
Darkwing           Darter             Darty              Dauragon
David              Davidclone         Davion             Dawlben
Daxloth            Deadelus           Deadman            Dearn
Dejan              Delilah            Delkai             Delsa
Demonos            Demonseed          Denarian           Derek
Derekremort        Dernil             Derrai             Dessi
Destoral           Destrovan          Destrovanremort    Diku
Dimmak             Dio                Dirk               Dirkremort
Dirtcowl           Dixie              Dlar               Dmonpig
Dobril             Dom                Dominik            Donegal
Donegalremort      Dontar             Doom               Dorios
Drack              Drake              Draken             Drakkore
Drakon             Drakonremort       Drandor            Drang
Drangremort        Draznia            Dreak              Drean
Drefan             Dregen             Drellin            Drendor
Drerkal            Dreskin            Dreven             Drilin
Drilinremort       Drixom             Drol               Drothremort
Drulith            Druss              Ducain             Dude
Dulan              Dulanremort        Dulik              Dvs
Ebeneezerscrews    Efin               Egwene             Egweneremort
Eldritch           Eldritchremort     Eldron             Elei
Elent              Elieth             Eliethremort       Elisir
Elphix             Elsion             Elwin              Elwinremort
Emrex              Emrys              Enzo               Enzo.plr
Erdrick            Eriq               Erouf              Eroufremort
Esilynn            Etaan              Etemmu             Ethomawyr
Euripides          Euripidesremort    Event              Eversea
Exaen              Excaliber          Excaliberremort    Exiled
Faeryn             Fahl               Falados            Falryn
Falzen             Fate               Faul               Fayde
Fendar             Filanthanon        Firuath            Firuathremort
Flick              Flik               Flink              Focault
Foxy               Frob               Fucko              Funguy
Furey              Fury               Fushka             Gaan
Gaanremort         Gaidin             Gaijin             Galon
Ganga              Garath             Garathremort       Garlin
Garlinremort       Garrett            Garrison           Garrisonremort
Gath               Gathremort         Gatsu              Gelf
Gendral            Gerardo            Germanicus         Ghurkha
Giles              Gkar               Glim               Gohan
Goliath            Gonn               Gorechild          Gort
Gortremort         Goryn              Grahf              Grat
Grimm              Grimpson           Grimreaper         Grisham
Grivan             Grivanremort       Grymhild           Gryntly
Gwen               Gwendolyn          Gylar              Hades
Hagen              Hagrid             Haha               Halo
Haste              Havick             Havickremort       Hayabusa
Helen              Helios             Heliosremort       Hellion
Hellionremort      Hendal             Heyme              Hirahim
Hiroaki            Hiyaku             Hoji               Holax
Htillac            Hucuda             Hunmon             Hylan
Icabod             Icabod.plr         Icabodremort       Icaronosremort
Igrat              Iin                Immolation         Indalecio
Indalecio.plr      Indalecioremort    Indirian           Inferno
Innowen            Irlaek             Isobelle           Jace
Jaceremort         Jahrem             Jakarin            Jakarinremort
Jakkan             Jarlaxle           Jarlaxleremort     Jarrod
Jasmine            Javorn             Jazmeen            Jazmeenremort
Jerj               Jerjremort         Jerrid             Jessica
Johnny             Jomei              Jonius             Jonus
Jorgens            Josh               Joshbacca          Joxa
Juzam              Juzm               Jyrax              Jyrnn
Kadd               Kaddremort         Kaera              Kaeraremort
Kagai              Kagetora           Kailaldan          Kaist
Kalana             Kalanaremort       Karash             Karion
Karn               Karth              Karthremort        Kashmir
Kasn               Kawndee            Kaylee             Kayleeremort
Kazuki             Keaian             Keblar             Keegan
Keeganremort       Keel               Keel.plr           Keelremort
Kenny              Kerim              Kerrick            Keterah
Keterahremort      Kev                Khadaynia          Khalam
Khatya             Khelek             Khellendros        Khil
Kidneythieves      Kilhko             Kitara             Kithra
Kithraremort       Kizae              Klaudia            Klein
Klien              Klor               Klorien            Koda
Kodamac            Kodaremort         Koll               Kord
Koris              Kothar             Kragoth            Krailin
Kral               Kraw               Krazer             Kreator
Krillon            Krug               Krusty             Krux
Krylla             Kryzz              Ksupermanw         Ksupermanwremort
Kubaru             Kudo               Kuta               Kyle
Kyrian             Kyule              Lachdananremort    Laike
Laikeremort        Lancaster          Lance              Lancer
Landon             Landonremort       Lani               Lanka
Laric              Larse              Latner             Lazier
Legolasremort      Leland             Lelandremort       Lemmuel
Lemmuelremort      Leosdae            Lestat             Lethe
Leviathen          Leviathenremort    Lexmark            Lezard
Loki               Lonoc              Lorenzo            Lox
Loxxy              Loxxyremort        Lucifer            Lugia
Luke               Lunaticalm         Lune               Maalthir
Maalthirremort     Macht              Mackenzie          Mackenzieremort
Maffer             Mafferremort       Mako               Makoremort
Malachi            Malange            Malfeas            Malfeasremort
Malkarin           Malkarinremort     Malver             Mara
Marcos             Marcotte           Marduk             Marikhal
Marumine           Marumineremort     Masoj              Mathias
Matthew            Matthias           Matyc              Maximus
Maximusremort      Maynard            Mazellan           Mazellanremort
Mazellich          Mazellichremort    Meikai             Melchiah
Menelak            Menelaus           Menelausremort     Menser
Merdakai           Merdakairemort     Merf               Merfremort
Mergon             Merrick            Merv               Mervin
Mervinremort       Metas              Methedras          Midge
Midnyte            Mikael             Mikail             Milamber
Milamberremort     Miriam             Moirianeremort     Moonfire
Moor               Mordekai           Mordrock           Morgan
Morgoth            Morgothremort      Morkai             Mormegil
Morpheaus          Morpheus           Morrowwind         Morte
Morteremort        Mortis             Mortrex            Mrcal
Mulga              Murray             Murrayremort       Myrddin
Mysic              Mythster           Naima              Naimaremort
Namaki             Nano               Nateman            Nathan
Nedrian            Neith              Nemesis            Neo
Neon               Neri               Neriremort         Netrapisi
Neves              Nexion             Nickz              Nielar
Nightshade         Nightwolf          Nikrynikah         Nirad
Niradremort        Nox                Nuke               Nukeremort
Nylex              Nylia              Ocelio             Ocelot
Octavian           Ollie              Ollieremort        Omni
Onnah              Orby               Ornryen            Ornryenremort
Orylina            Osirl              Otterbourg         Otterman
Ouroboros          Ozzie              Ozzozi             Padishar
Padisharremort     Pagan              Palpatine          Pariah
Parn               Pelto              Phanthos           Phire
Pkman              player.zip         Pletch             Pollux
Ponnet             Progeny            Progenyremort      Pug
Purrahr            Pyrake             Pyrakeremort       Quaden
Quasar             Quasarremort       Questi             Quit
Qwyn               Radiant            Radik              Raeld
Rage               Ragnarok           Ragnorak           Ragnorakremort
Raiddude           Rainaremort        Raith              Raithias
Raithiasremort     Rampage            Ramtha             Ramza
Rand               Randor             Ranjin             Raptor
Rasputin           Rathis             Ravessan           Raynia
Raze               Reaver             Redrum             Reefer
Regulus            Rei                Reid               Reidremort
Relyc              Remortdude         Remortduderemort   Reno
Renoremort         Reynard            Reziel             Rhew
Rhum               Ricard             Ricardremort       Ricin
Ripper             Riu                Rivaris            Roan
Rocky              Roderick           Rodregis           Rofel
Rofocale           Rohk               Roland             Romeo
Ronin              Rory               Rumrat             Rumratremort
Russ               Ryath              Rylon              Sadiq
Saen               Saik               Saikremort         Saioken
Saitheo            Saitheoremort      Samantha           Samkim
Samoth             Samusul            Samusulremort      Santi
Sarith             Sash               Satan              Sathaeko
Satharko           Saton              Satoshi            Sauron
Sayvion            Sayvionremort      Scaythos           Scaythosremort
Scorne             Scottavius         Screw              Seamer
Seamerremort       Sean               Selrach            Senal
Sephiroth          Sera               Seraremort         Shade
Shaki              Shame              Shaoremort         Shaotan
Sharcon            Sharrl             Sharrlremort       Shep
Shero              Shiloh             Shimmer            Shingo
Shinshi            Shyann             Sicarius           Sicariusremort
Sidrick            Siegfried          Sield              Sihan
Silk               Silthe             Silza              Silzaremort
Simolak            Simoluk            Sinelyan           Sinistar
Sinistarremort     Sirrion            Sirus              Sister
Skaar              Skain              Skeld              Skrazem
Skull              Skullremort        Slacker            Slafelm
Slayer             Smaster            Snarf              Sniox
Solaris            Solinusremort      Sorielle           Soris
Soulblighter       Sphyre             Spiky              Spire
Splynneuqu         Starel             Stareye            Stareyeremort
Stargazer          Staryl             Stearog            Stello
Stewie             Stinky             Strider            Stryder
Stryderremort      Stug               Sussie             Sussieremort
Swift              Swipe              Syon               Syra
Syrous             Syrus              Sysop              Tae
Taishar            Taka               Takeru             Talaren
Taloon             Talus              Tamur              Tamurremort
Tank               Tantorian          Tao                Tapion
Tapionremort       Taragoz            Taragozremort      Tarnau
Tatsu              Tear               Teddie             Tekka
Tele               Tempest            Tenny              Terloch
Terlochremort      Terren             Testaafda          Testament
Testdude           Testduderemort     Testguyremort      Teylak
Thade              Thaeron            Tharagor           Tharos
Thorick            Thrasher           Thri               Thriremort
Tiikuli            Tilent             Tloath             Tokash
Tomanak            Tomas              Trevlyn            Trickyaero
Trill              Trimble            Trinstar           Tristen
Troa               Tror               Tryxy              Tse
Tsunami            Turlis             Turlisremort       Twilight
Tydan              Typer              Tyrusidah          Tzigane
Uber               Uhr                Ulrik              Ulsicor
Unknown            Usher              Vachter            Vaio
Valak              Valant             Valefor            Valic
Valis              Valkilm            Valkira            Vallen
Valmar             Valsharen          Vanzraz            Vassily
Vassilyremort      Vaultage           Vaultageremort     Velo
Venris             Veria              Verilee            Vimes
Vin                Vince              Vinceremort        Vindicate
Viserys            Visigant           Visk               Vivi
Vlad               Volcifar           Vorlake            Wahab
Wally              Wang               Wardude            Warduderemort
Warp               Wiegraf            Wolfpack           Worox
Wrathios           Wyrebyrde          Xandeth            Xantar
Xanth              Xanthe             Xanthlover         Xar
Xareko             Xarnaliax          Xavier             Xavior
Xaviorremort       Xenus              Xenx               Xerox
Xevius             Xian               Xirji              Yaksha
Yin                Zaeth              Zaffrith           Zakeer
Zamzumimum         Zandar             Zara               Zarto
Zeig               Zelucifer          Zeluciferremort    Zenlen
Zeno               Zepher             Zero               Zhentarim
Zhichrr            Zinj               Zoran              Zoranremort
Zortyn             Zule               Zylion             Zylionremort
